E:\NIIT实训\作业>cd hello

E:\NIIT实训\作业\hello>git init   //初始化文本
Initialized empty Git repository in E:/NIIT实训/作业/hello/.git/      

E:\NIIT实训\作业\hello>git status  //
On branch master

No commits yet

Untracked files:E:\NIIT实训\作业>cd hello

E:\NIIT实训\作业\hello>git init
Initialized empty Git repository in E:/NIIT实训/作业/hello/.git/      

E:\NIIT实训\作业\hello>git status
On branch master

No commits yet

Untracked files:
  (use "git add <file>..." to include in what will be committed)      
        1.txt

nothing added to commit but untracked files present (use "git add" to 
track)

E:\NIIT实训\作业\hello>git add 1.txt   //你可以提出更改（把它们添加到暂存区）
E:\NIIT实训\作业\hello>git status    //保存文本
On branch master

No commits yet

Changes to be committed:
  (use "git rm --cached <file>..." to unstage)
        new file:   1.txt
//使用如下命令以实际提交改动:
E:\NIIT实训\作业\hello>git commit -m "first comit"//"代码提交信息"
[master (root-commit) 571fbb6] first comit
 1 file changed, 0 insertions(+), 0 deletions(-)
 create mode 100644 1.txt

E:\NIIT实训\作业\hello>git branch
* master

E:\NIIT实训\作业\hello>git remote

E:\NIIT实训\作业\hello>git remote add  origin  git@github.com:Saber13895253704/runoob-git-test.git95253704/runoob-git-test.git   
//进入要上传的仓库，右键git bash，添加远程地址： 后面的yourName和yourRepo表示你再github的用户名和刚才新建的仓库，加完之后进入.git，
打开config，这里会多出一个remote "origin"内容，这就是刚才添加的远程地址，也可以直接修改config来配置远程地址。

创建新文件夹，打开，然后执行 git init 以创建新的 git 仓库 

E:\NIIT实训\作业\hello>git remote
origin

//你的改动现在已经在本地仓库的 HEAD 中了。执行如下命令以将这些改动提交到远端仓库：
E:\NIIT实训\作业\hello>git push origin master
Enumerating objects: 3, done.
Counting objects: 100% (3/3), done.
Writing objects: 100% (3/3), 210 bytes | 105.00 KiB/s, done.
Total 3 (delta 0), reused 0 (delta 0), pack-reused 0
To github.com:Saber13895253704/runoob-git-test.git
 * [new branch]      master -> master

E:\NIIT实训\作业\hello>git add 1.txt

E:\NIIT实训\作业\hello>git commit -m "修改了一下下" 1.txt
On branch master
nothing to commit, working tree clean

E:\NIIT实训\作业\hello>git push origin master
Everything up-to-date

E:\NIIT实训\作业\hello>git status   //查看
On branch master
nothing to commit, working tree clean

E:\NIIT实训\作业\hello>git push origin master
Everything up-to-date

E:\NIIT实训\作业\hello>^A
  (use "git add <file>..." to include in what will be committed)      
        1.txt

nothing added to commit but untracked files present (use "git add" to 
track)

E:\NIIT实训\作业\hello>git add 1.txt

E:\NIIT实训\作业\hello>git status
On branch master

No commits yet

Changes to be committed:
  (use "git rm --cached <file>..." to unstage)
        new file:   1.txt

E:\NIIT实训\作业\hello>git commit -m "first comit"
[master (root-commit) 571fbb6] first comit
 1 file changed, 0 insertions(+), 0 deletions(-)
 create mode 100644 1.txt

E:\NIIT实训\作业\hello>git branch  //创建分支
* master

E:\NIIT实训\作业\hello>git remote

E:\NIIT实训\作业\hello>git remote add  origin  git@github.com:Saber13895253704/runoob-git-test.git                                          95253704/runoob-git-test.git

E:\NIIT实训\作业\hello>git remote
origin

E:\NIIT实训\作业\hello>git push orign master
fatal: 'orign' does not appear to be a git repository
fatal: Could not read from remote repository.

Please make sure you have the correct access rights
and the repository exists.

E:\NIIT实训\作业\hello>git push origin master
Enumerating objects: 3, done.
Counting objects: 100% (3/3), done.
Writing objects: 100% (3/3), 210 bytes | 105.00 KiB/s, done.
Total 3 (delta 0), reused 0 (delta 0), pack-reused 0
To github.com:Saber13895253704/runoob-git-test.git
 * [new branch]      master -> master

E:\NIIT实训\作业\hello>git add 1.txt

E:\NIIT实训\作业\hello>git commit -m "修改了一下下" 1.txt
On branch master
nothing to commit, working tree clean

E:\NIIT实训\作业\hello>git push origin master
Everything up-to-date

E:\NIIT实训\作业\hello>git status
On branch master
nothing to commit, working tree clean

E:\NIIT实训\作业\hello>git push origin master
Everything up-to-date

E:\NIIT实训\作业\hello>E:\NIIT实训\作业>cd hello

E:\NIIT实训\作业\hello>git init
Initialized empty Git repository in E:/NIIT实训/作业/hello/.git/      

E:\NIIT实训\作业\hello>git status
On branch master

No commits yet

Untracked files:
  (use "git add <file>..." to include in what will be committed)      
        1.txt

nothing added to commit but untracked files present (use "git add" to 
track)

E:\NIIT实训\作业\hello>git add 1.txt

E:\NIIT实训\作业\hello>git status
On branch master

No commits yet

Changes to be committed:
  (use "git rm --cached <file>..." to unstage)
        new file:   1.txt

E:\NIIT实训\作业\hello>git commit -m "first comit"
[master (root-commit) 571fbb6] first comit
 1 file changed, 0 insertions(+), 0 deletions(-)
 create mode 100644 1.txt

E:\NIIT实训\作业\hello>git branch
* master

E:\NIIT实训\作业\hello>git remote

E:\NIIT实训\作业\hello>git remote add  origin  git@github.com:Saber13895253704/runoob-git-test.git                                          95253704/runoob-git-test.git

E:\NIIT实训\作业\hello>git remote
origin

E:\NIIT实训\作业\hello>git push orign master
fatal: 'orign' does not appear to be a git repository
fatal: Could not read from remote repository.

Please make sure you have the correct access rights
and the repository exists.

E:\NIIT实训\作业\hello>git push origin master
Enumerating objects: 3, done.
Counting objects: 100% (3/3), done.
Writing objects: 100% (3/3), 210 bytes | 105.00 KiB/s, done.
Total 3 (delta 0), reused 0 (delta 0), pack-reused 0
To github.com:Saber13895253704/runoob-git-test.git
 * [new branch]      master -> master

E:\NIIT实训\作业\hello>git add 1.txt

E:\NIIT实训\作业\hello>git commit -m "修改了一下下" 1.txt
On branch master
nothing to commit, working tree clean

E:\NIIT实训\作业\hello>git push origin master
Everything up-to-date

E:\NIIT实训\作业\hello>git status
On branch master
nothing to commit, working tree clean

E:\NIIT实训\作业\hello>git push origin master
Everything up-to-date

E:\NIIT实训\作业\hello>^
https://www.runoob.com/w3cnote/git-guide.html  //讲解地址